RAM Allocation
Variable                                                          Address   Size
--------------------------------------------------------------------------------
rx_buffer0                                                        0x1222      32
rx_buffer1                                                        0x1242      32
connected                                                         0x1262       1
motor                                                             0x1263       1
signals                                                           0x1264       2
battery                                                           0x1266       2
position                                                          0x1268       2
obstacle                                                          0x126A       1
usartOutput                                                       0x126B       1
busy                                                              0x126C       1
setting                                                           0x126D       1
_seed                                                             0x126E       4
_base_y                                                           0x1272       4
_lcd_x                                                            0x1276       1
_lcd_y                                                            0x1277       1
_lcd_maxx                                                         0x1278       1

EEPROM Allocation
Variable                                                          Address   Size
--------------------------------------------------------------------------------

Register Allocation
Variable                                                          Register  Size
--------------------------------------------------------------------------------
rx_wr_index0                                                      R4           1
rx_rd_index0                                                      R3           1
serial0Available                                                  R6           1
rx_wr_index1                                                      R5           1
rx_rd_index1                                                      R8           1
serial1Available                                                  R7           1
rx_buffer_overflow0                                               GPIOR0.0  1bit
rx_buffer_overflow1                                               GPIOR0.1  1bit
i                                                                 R9,R10       2
count                                                             R11,R12      2
afterReset                                                        R13,R14      2
